   1               		.file	"Trap_PTX.c"
   2               	__SP_H__ = 0x3e
   3               	__SP_L__ = 0x3d
   4               	__SREG__ = 0x3f
   5               	__tmp_reg__ = 0
   6               	__zero_reg__ = 1
   8               		.text
   9               	.Ltext0:
 121               	.global	fill_TX_bitfield
 123               	fill_TX_bitfield:
   1:/Users/Roger/Library/Mobile Documents/com~apple~CloudDocs/Firmwares/XAVR/smart_trap_ultrasonic/Smart_trap_sonic/Smart_trap_sonic/Trap_PTX.c **** /*
   2:/Users/Roger/Library/Mobile Documents/com~apple~CloudDocs/Firmwares/XAVR/smart_trap_ultrasonic/Smart_trap_sonic/Smart_trap_sonic/Trap_PTX.c ****  * Trap_PTX.c
   3:/Users/Roger/Library/Mobile Documents/com~apple~CloudDocs/Firmwares/XAVR/smart_trap_ultrasonic/Smart_trap_sonic/Smart_trap_sonic/Trap_PTX.c ****  *
   4:/Users/Roger/Library/Mobile Documents/com~apple~CloudDocs/Firmwares/XAVR/smart_trap_ultrasonic/Smart_trap_sonic/Smart_trap_sonic/Trap_PTX.c ****  * Created: 12/21/15 7:06:26 PM
   5:/Users/Roger/Library/Mobile Documents/com~apple~CloudDocs/Firmwares/XAVR/smart_trap_ultrasonic/Smart_trap_sonic/Smart_trap_sonic/Trap_PTX.c ****  *  Author: Roger
   6:/Users/Roger/Library/Mobile Documents/com~apple~CloudDocs/Firmwares/XAVR/smart_trap_ultrasonic/Smart_trap_sonic/Smart_trap_sonic/Trap_PTX.c **** Ditched the initial state machine that I'd been implementing with the PIR in favor of a much simple
   7:/Users/Roger/Library/Mobile Documents/com~apple~CloudDocs/Firmwares/XAVR/smart_trap_ultrasonic/Smart_trap_sonic/Smart_trap_sonic/Trap_PTX.c ****  */ 
   8:/Users/Roger/Library/Mobile Documents/com~apple~CloudDocs/Firmwares/XAVR/smart_trap_ultrasonic/Smart_trap_sonic/Smart_trap_sonic/Trap_PTX.c **** 
   9:/Users/Roger/Library/Mobile Documents/com~apple~CloudDocs/Firmwares/XAVR/smart_trap_ultrasonic/Smart_trap_sonic/Smart_trap_sonic/Trap_PTX.c **** #include "Trap_PTX.h"
  10:/Users/Roger/Library/Mobile Documents/com~apple~CloudDocs/Firmwares/XAVR/smart_trap_ultrasonic/Smart_trap_sonic/Smart_trap_sonic/Trap_PTX.c **** 
  11:/Users/Roger/Library/Mobile Documents/com~apple~CloudDocs/Firmwares/XAVR/smart_trap_ultrasonic/Smart_trap_sonic/Smart_trap_sonic/Trap_PTX.c **** #define	MAX_PACKET_LENGTH	2
  12:/Users/Roger/Library/Mobile Documents/com~apple~CloudDocs/Firmwares/XAVR/smart_trap_ultrasonic/Smart_trap_sonic/Smart_trap_sonic/Trap_PTX.c **** u8 datain [MAX_PACKET_LENGTH];	//what I'm receiving from PRX
  13:/Users/Roger/Library/Mobile Documents/com~apple~CloudDocs/Firmwares/XAVR/smart_trap_ultrasonic/Smart_trap_sonic/Smart_trap_sonic/Trap_PTX.c **** volatile static u8 trap_busy = 0;	//this is a flag that will be set when starting the 'set trap' st
  14:/Users/Roger/Library/Mobile Documents/com~apple~CloudDocs/Firmwares/XAVR/smart_trap_ultrasonic/Smart_trap_sonic/Smart_trap_sonic/Trap_PTX.c **** volatile static u8 camera_busy = 0;	//flag to detect if the camera is busy or not.  Will be set whe
  15:/Users/Roger/Library/Mobile Documents/com~apple~CloudDocs/Firmwares/XAVR/smart_trap_ultrasonic/Smart_trap_sonic/Smart_trap_sonic/Trap_PTX.c **** 
  16:/Users/Roger/Library/Mobile Documents/com~apple~CloudDocs/Firmwares/XAVR/smart_trap_ultrasonic/Smart_trap_sonic/Smart_trap_sonic/Trap_PTX.c **** 
  17:/Users/Roger/Library/Mobile Documents/com~apple~CloudDocs/Firmwares/XAVR/smart_trap_ultrasonic/Smart_trap_sonic/Smart_trap_sonic/Trap_PTX.c **** 
  18:/Users/Roger/Library/Mobile Documents/com~apple~CloudDocs/Firmwares/XAVR/smart_trap_ultrasonic/Smart_trap_sonic/Smart_trap_sonic/Trap_PTX.c **** 
  19:/Users/Roger/Library/Mobile Documents/com~apple~CloudDocs/Firmwares/XAVR/smart_trap_ultrasonic/Smart_trap_sonic/Smart_trap_sonic/Trap_PTX.c **** 
  20:/Users/Roger/Library/Mobile Documents/com~apple~CloudDocs/Firmwares/XAVR/smart_trap_ultrasonic/Smart_trap_sonic/Smart_trap_sonic/Trap_PTX.c **** u8 fill_TX_bitfield(void){
 125               	.LM0:
 126               	.LFBB1:
 127 0000 CF93      		push r28
 128               	/* prologue: function */
 129               	/* frame size = 0 */
 130               	/* stack size = 1 */
 131               	.L__stack_usage = 1
  21:/Users/Roger/Library/Mobile Documents/com~apple~CloudDocs/Firmwares/XAVR/smart_trap_ultrasonic/Smart_trap_sonic/Smart_trap_sonic/Trap_PTX.c **** 	u8 tempval = 0x15;	//0x15 is starting point, not critical
  22:/Users/Roger/Library/Mobile Documents/com~apple~CloudDocs/Firmwares/XAVR/smart_trap_ultrasonic/Smart_trap_sonic/Smart_trap_sonic/Trap_PTX.c **** //	tempval |= (checkIR());	//IR_stateval
  23:/Users/Roger/Library/Mobile Documents/com~apple~CloudDocs/Firmwares/XAVR/smart_trap_ultrasonic/Smart_trap_sonic/Smart_trap_sonic/Trap_PTX.c **** 	tempval |= (readADC() << 6);	//readADC will return a 1 if the battery voltage is below a threshold
 133               	.LM1:
 134 0002 0E94 0000 		call readADC
 135 0006 C82F      		mov r28,r24
  24:/Users/Roger/Library/Mobile Documents/com~apple~CloudDocs/Firmwares/XAVR/smart_trap_ultrasonic/Smart_trap_sonic/Smart_trap_sonic/Trap_PTX.c **** 	start_ADC_conv();	//initialize a new conversion for next time
 137               	.LM2:
 138 0008 0E94 0000 		call start_ADC_conv
  25:/Users/Roger/Library/Mobile Documents/com~apple~CloudDocs/Firmwares/XAVR/smart_trap_ultrasonic/Smart_trap_sonic/Smart_trap_sonic/Trap_PTX.c **** 	tempval |= (chk_trap_status() << 5);	
 140               	.LM3:
 141 000c 0E94 0000 		call chk_trap_status
  23:/Users/Roger/Library/Mobile Documents/com~apple~CloudDocs/Firmwares/XAVR/smart_trap_ultrasonic/Smart_trap_sonic/Smart_trap_sonic/Trap_PTX.c **** 	start_ADC_conv();	//initialize a new conversion for next time
 143               	.LM4:
 144 0010 40E4      		ldi r20,lo8(64)
 145 0012 C49F      		mul r28,r20
 146 0014 9001      		movw r18,r0
 147 0016 1124      		clr __zero_reg__
 149               	.LM5:
 150 0018 40E2      		ldi r20,lo8(32)
 151 001a 849F      		mul r24,r20
 152 001c C001      		movw r24,r0
 153 001e 1124      		clr __zero_reg__
 154 0020 822B      		or r24,r18
  26:/Users/Roger/Library/Mobile Documents/com~apple~CloudDocs/Firmwares/XAVR/smart_trap_ultrasonic/Smart_trap_sonic/Smart_trap_sonic/Trap_PTX.c **** 	return tempval;	//after setting appropriate bits this will be returned and sent in the TX packet
  27:/Users/Roger/Library/Mobile Documents/com~apple~CloudDocs/Firmwares/XAVR/smart_trap_ultrasonic/Smart_trap_sonic/Smart_trap_sonic/Trap_PTX.c **** }	//end of fill TX bitfield
 156               	.LM6:
 157 0022 8561      		ori r24,lo8(21)
 158               	/* epilogue start */
 159 0024 CF91      		pop r28
 160 0026 0895      		ret
 162               	.Lscope1:
 164               	.global	take_picture
 166               	take_picture:
  28:/Users/Roger/Library/Mobile Documents/com~apple~CloudDocs/Firmwares/XAVR/smart_trap_ultrasonic/Smart_trap_sonic/Smart_trap_sonic/Trap_PTX.c **** 
  29:/Users/Roger/Library/Mobile Documents/com~apple~CloudDocs/Firmwares/XAVR/smart_trap_ultrasonic/Smart_trap_sonic/Smart_trap_sonic/Trap_PTX.c **** 
  30:/Users/Roger/Library/Mobile Documents/com~apple~CloudDocs/Firmwares/XAVR/smart_trap_ultrasonic/Smart_trap_sonic/Smart_trap_sonic/Trap_PTX.c **** 
  31:/Users/Roger/Library/Mobile Documents/com~apple~CloudDocs/Firmwares/XAVR/smart_trap_ultrasonic/Smart_trap_sonic/Smart_trap_sonic/Trap_PTX.c **** 
  32:/Users/Roger/Library/Mobile Documents/com~apple~CloudDocs/Firmwares/XAVR/smart_trap_ultrasonic/Smart_trap_sonic/Smart_trap_sonic/Trap_PTX.c **** 
  33:/Users/Roger/Library/Mobile Documents/com~apple~CloudDocs/Firmwares/XAVR/smart_trap_ultrasonic/Smart_trap_sonic/Smart_trap_sonic/Trap_PTX.c **** 
  34:/Users/Roger/Library/Mobile Documents/com~apple~CloudDocs/Firmwares/XAVR/smart_trap_ultrasonic/Smart_trap_sonic/Smart_trap_sonic/Trap_PTX.c **** //This will call the PRX receive function and return the LSByte
  35:/Users/Roger/Library/Mobile Documents/com~apple~CloudDocs/Firmwares/XAVR/smart_trap_ultrasonic/Smart_trap_sonic/Smart_trap_sonic/Trap_PTX.c **** void read_PRX(void){
  36:/Users/Roger/Library/Mobile Documents/com~apple~CloudDocs/Firmwares/XAVR/smart_trap_ultrasonic/Smart_trap_sonic/Smart_trap_sonic/Trap_PTX.c **** 	get_RX_Data(datain);
  37:/Users/Roger/Library/Mobile Documents/com~apple~CloudDocs/Firmwares/XAVR/smart_trap_ultrasonic/Smart_trap_sonic/Smart_trap_sonic/Trap_PTX.c **** 
  38:/Users/Roger/Library/Mobile Documents/com~apple~CloudDocs/Firmwares/XAVR/smart_trap_ultrasonic/Smart_trap_sonic/Smart_trap_sonic/Trap_PTX.c **** 	//this will be the check to see if the remote is sending command to set the trap and also the trap
  39:/Users/Roger/Library/Mobile Documents/com~apple~CloudDocs/Firmwares/XAVR/smart_trap_ultrasonic/Smart_trap_sonic/Smart_trap_sonic/Trap_PTX.c **** 	if((datain[0] & 0x80)&&(!trap_busy)){
  40:/Users/Roger/Library/Mobile Documents/com~apple~CloudDocs/Firmwares/XAVR/smart_trap_ultrasonic/Smart_trap_sonic/Smart_trap_sonic/Trap_PTX.c **** 		trap_busy = 1;	//set busy flag
  41:/Users/Roger/Library/Mobile Documents/com~apple~CloudDocs/Firmwares/XAVR/smart_trap_ultrasonic/Smart_trap_sonic/Smart_trap_sonic/Trap_PTX.c **** 		set_trap();
  42:/Users/Roger/Library/Mobile Documents/com~apple~CloudDocs/Firmwares/XAVR/smart_trap_ultrasonic/Smart_trap_sonic/Smart_trap_sonic/Trap_PTX.c **** 	}//end of checking if the trap command is being sent
  43:/Users/Roger/Library/Mobile Documents/com~apple~CloudDocs/Firmwares/XAVR/smart_trap_ultrasonic/Smart_trap_sonic/Smart_trap_sonic/Trap_PTX.c **** 	if(datain[0] & 0x10){
  44:/Users/Roger/Library/Mobile Documents/com~apple~CloudDocs/Firmwares/XAVR/smart_trap_ultrasonic/Smart_trap_sonic/Smart_trap_sonic/Trap_PTX.c **** 		take_picture();
  45:/Users/Roger/Library/Mobile Documents/com~apple~CloudDocs/Firmwares/XAVR/smart_trap_ultrasonic/Smart_trap_sonic/Smart_trap_sonic/Trap_PTX.c **** 		}
  46:/Users/Roger/Library/Mobile Documents/com~apple~CloudDocs/Firmwares/XAVR/smart_trap_ultrasonic/Smart_trap_sonic/Smart_trap_sonic/Trap_PTX.c **** 		//PWM lights based on signal from PRX. 
  47:/Users/Roger/Library/Mobile Documents/com~apple~CloudDocs/Firmwares/XAVR/smart_trap_ultrasonic/Smart_trap_sonic/Smart_trap_sonic/Trap_PTX.c **** 	if(datain[0] & 0x40){
  48:/Users/Roger/Library/Mobile Documents/com~apple~CloudDocs/Firmwares/XAVR/smart_trap_ultrasonic/Smart_trap_sonic/Smart_trap_sonic/Trap_PTX.c **** 		PORTD |= 0x08;
  49:/Users/Roger/Library/Mobile Documents/com~apple~CloudDocs/Firmwares/XAVR/smart_trap_ultrasonic/Smart_trap_sonic/Smart_trap_sonic/Trap_PTX.c **** 	}	else{
  50:/Users/Roger/Library/Mobile Documents/com~apple~CloudDocs/Firmwares/XAVR/smart_trap_ultrasonic/Smart_trap_sonic/Smart_trap_sonic/Trap_PTX.c **** 		PORTD &= ~(0x08);
  51:/Users/Roger/Library/Mobile Documents/com~apple~CloudDocs/Firmwares/XAVR/smart_trap_ultrasonic/Smart_trap_sonic/Smart_trap_sonic/Trap_PTX.c **** 	}//turn hi-power external LED on or off based on status of datain bit6.
  52:/Users/Roger/Library/Mobile Documents/com~apple~CloudDocs/Firmwares/XAVR/smart_trap_ultrasonic/Smart_trap_sonic/Smart_trap_sonic/Trap_PTX.c **** 
  53:/Users/Roger/Library/Mobile Documents/com~apple~CloudDocs/Firmwares/XAVR/smart_trap_ultrasonic/Smart_trap_sonic/Smart_trap_sonic/Trap_PTX.c **** 	}	//end of read_PRX function
  54:/Users/Roger/Library/Mobile Documents/com~apple~CloudDocs/Firmwares/XAVR/smart_trap_ultrasonic/Smart_trap_sonic/Smart_trap_sonic/Trap_PTX.c **** 
  55:/Users/Roger/Library/Mobile Documents/com~apple~CloudDocs/Firmwares/XAVR/smart_trap_ultrasonic/Smart_trap_sonic/Smart_trap_sonic/Trap_PTX.c **** 
  56:/Users/Roger/Library/Mobile Documents/com~apple~CloudDocs/Firmwares/XAVR/smart_trap_ultrasonic/Smart_trap_sonic/Smart_trap_sonic/Trap_PTX.c **** void take_picture(void){
 168               	.LM7:
 169               	.LFBB2:
 170               	/* prologue: function */
 171               	/* frame size = 0 */
 172               	/* stack size = 0 */
 173               	.L__stack_usage = 0
  57:/Users/Roger/Library/Mobile Documents/com~apple~CloudDocs/Firmwares/XAVR/smart_trap_ultrasonic/Smart_trap_sonic/Smart_trap_sonic/Trap_PTX.c **** 	camera_busy = 1;	//set busy flag
 175               	.LM8:
 176 0028 81E0      		ldi r24,lo8(1)
 177 002a 8093 0000 		sts camera_busy,r24
  58:/Users/Roger/Library/Mobile Documents/com~apple~CloudDocs/Firmwares/XAVR/smart_trap_ultrasonic/Smart_trap_sonic/Smart_trap_sonic/Trap_PTX.c **** 	PORTB &= ~(0x02);	//clear PB1 which is the shutter release pin
 179               	.LM9:
 180 002e 2998      		cbi 0x5,1
  59:/Users/Roger/Library/Mobile Documents/com~apple~CloudDocs/Firmwares/XAVR/smart_trap_ultrasonic/Smart_trap_sonic/Smart_trap_sonic/Trap_PTX.c **** 	set_camera_delay(1000);	//set a 1 second delay before the mS timer will call back the 'camera_done
 182               	.LM10:
 183 0030 68EE      		ldi r22,lo8(-24)
 184 0032 73E0      		ldi r23,lo8(3)
 185 0034 80E0      		ldi r24,0
 186 0036 90E0      		ldi r25,0
 187 0038 0C94 0000 		jmp set_camera_delay
 189               	.Lscope2:
 191               	.global	read_PRX
 193               	read_PRX:
  35:/Users/Roger/Library/Mobile Documents/com~apple~CloudDocs/Firmwares/XAVR/smart_trap_ultrasonic/Smart_trap_sonic/Smart_trap_sonic/Trap_PTX.c **** 	get_RX_Data(datain);
 195               	.LM11:
 196               	.LFBB3:
 197               	/* prologue: function */
 198               	/* frame size = 0 */
 199               	/* stack size = 0 */
 200               	.L__stack_usage = 0
  36:/Users/Roger/Library/Mobile Documents/com~apple~CloudDocs/Firmwares/XAVR/smart_trap_ultrasonic/Smart_trap_sonic/Smart_trap_sonic/Trap_PTX.c **** 
 202               	.LM12:
 203 003c 80E0      		ldi r24,lo8(datain)
 204 003e 90E0      		ldi r25,hi8(datain)
 205 0040 0E94 0000 		call get_RX_Data
  39:/Users/Roger/Library/Mobile Documents/com~apple~CloudDocs/Firmwares/XAVR/smart_trap_ultrasonic/Smart_trap_sonic/Smart_trap_sonic/Trap_PTX.c **** 		trap_busy = 1;	//set busy flag
 207               	.LM13:
 208 0044 8091 0000 		lds r24,datain
 209 0048 87FF      		sbrs r24,7
 210 004a 00C0      		rjmp .L4
  39:/Users/Roger/Library/Mobile Documents/com~apple~CloudDocs/Firmwares/XAVR/smart_trap_ultrasonic/Smart_trap_sonic/Smart_trap_sonic/Trap_PTX.c **** 		trap_busy = 1;	//set busy flag
 212               	.LM14:
 213 004c 8091 0000 		lds r24,trap_busy
 214 0050 8111      		cpse r24,__zero_reg__
 215 0052 00C0      		rjmp .L4
  40:/Users/Roger/Library/Mobile Documents/com~apple~CloudDocs/Firmwares/XAVR/smart_trap_ultrasonic/Smart_trap_sonic/Smart_trap_sonic/Trap_PTX.c **** 		set_trap();
 217               	.LM15:
 218 0054 81E0      		ldi r24,lo8(1)
 219 0056 8093 0000 		sts trap_busy,r24
  41:/Users/Roger/Library/Mobile Documents/com~apple~CloudDocs/Firmwares/XAVR/smart_trap_ultrasonic/Smart_trap_sonic/Smart_trap_sonic/Trap_PTX.c **** 	}//end of checking if the trap command is being sent
 221               	.LM16:
 222 005a 0E94 0000 		call set_trap
 223               	.L4:
  43:/Users/Roger/Library/Mobile Documents/com~apple~CloudDocs/Firmwares/XAVR/smart_trap_ultrasonic/Smart_trap_sonic/Smart_trap_sonic/Trap_PTX.c **** 		take_picture();
 225               	.LM17:
 226 005e 8091 0000 		lds r24,datain
 227 0062 84FD      		sbrc r24,4
  44:/Users/Roger/Library/Mobile Documents/com~apple~CloudDocs/Firmwares/XAVR/smart_trap_ultrasonic/Smart_trap_sonic/Smart_trap_sonic/Trap_PTX.c **** 		}
 229               	.LM18:
 230 0064 0E94 0000 		call take_picture
 231               	.L5:
  47:/Users/Roger/Library/Mobile Documents/com~apple~CloudDocs/Firmwares/XAVR/smart_trap_ultrasonic/Smart_trap_sonic/Smart_trap_sonic/Trap_PTX.c **** 		PORTD |= 0x08;
 233               	.LM19:
 234 0068 8091 0000 		lds r24,datain
 235 006c 86FF      		sbrs r24,6
 236 006e 00C0      		rjmp .L6
  48:/Users/Roger/Library/Mobile Documents/com~apple~CloudDocs/Firmwares/XAVR/smart_trap_ultrasonic/Smart_trap_sonic/Smart_trap_sonic/Trap_PTX.c **** 	}	else{
 238               	.LM20:
 239 0070 5B9A      		sbi 0xb,3
 240 0072 0895      		ret
 241               	.L6:
  50:/Users/Roger/Library/Mobile Documents/com~apple~CloudDocs/Firmwares/XAVR/smart_trap_ultrasonic/Smart_trap_sonic/Smart_trap_sonic/Trap_PTX.c **** 	}//turn hi-power external LED on or off based on status of datain bit6.
 243               	.LM21:
 244 0074 5B98      		cbi 0xb,3
 245 0076 0895      		ret
 247               	.Lscope3:
 249               	.global	clear_trap_busy
 251               	clear_trap_busy:
  60:/Users/Roger/Library/Mobile Documents/com~apple~CloudDocs/Firmwares/XAVR/smart_trap_ultrasonic/Smart_trap_sonic/Smart_trap_sonic/Trap_PTX.c **** }
  61:/Users/Roger/Library/Mobile Documents/com~apple~CloudDocs/Firmwares/XAVR/smart_trap_ultrasonic/Smart_trap_sonic/Smart_trap_sonic/Trap_PTX.c **** 
  62:/Users/Roger/Library/Mobile Documents/com~apple~CloudDocs/Firmwares/XAVR/smart_trap_ultrasonic/Smart_trap_sonic/Smart_trap_sonic/Trap_PTX.c **** 
  63:/Users/Roger/Library/Mobile Documents/com~apple~CloudDocs/Firmwares/XAVR/smart_trap_ultrasonic/Smart_trap_sonic/Smart_trap_sonic/Trap_PTX.c **** 
  64:/Users/Roger/Library/Mobile Documents/com~apple~CloudDocs/Firmwares/XAVR/smart_trap_ultrasonic/Smart_trap_sonic/Smart_trap_sonic/Trap_PTX.c **** //clearing the 'trap_busy' flag.  This will be called when the 'set trap' state machine has run its
  65:/Users/Roger/Library/Mobile Documents/com~apple~CloudDocs/Firmwares/XAVR/smart_trap_ultrasonic/Smart_trap_sonic/Smart_trap_sonic/Trap_PTX.c **** void clear_trap_busy(void){
 253               	.LM22:
 254               	.LFBB4:
 255               	/* prologue: function */
 256               	/* frame size = 0 */
 257               	/* stack size = 0 */
 258               	.L__stack_usage = 0
  66:/Users/Roger/Library/Mobile Documents/com~apple~CloudDocs/Firmwares/XAVR/smart_trap_ultrasonic/Smart_trap_sonic/Smart_trap_sonic/Trap_PTX.c **** 	trap_busy = 0;
 260               	.LM23:
 261 0078 1092 0000 		sts trap_busy,__zero_reg__
 262 007c 0895      		ret
 264               	.Lscope4:
 266               	.global	camera_done
 268               	camera_done:
  67:/Users/Roger/Library/Mobile Documents/com~apple~CloudDocs/Firmwares/XAVR/smart_trap_ultrasonic/Smart_trap_sonic/Smart_trap_sonic/Trap_PTX.c **** }
  68:/Users/Roger/Library/Mobile Documents/com~apple~CloudDocs/Firmwares/XAVR/smart_trap_ultrasonic/Smart_trap_sonic/Smart_trap_sonic/Trap_PTX.c **** 
  69:/Users/Roger/Library/Mobile Documents/com~apple~CloudDocs/Firmwares/XAVR/smart_trap_ultrasonic/Smart_trap_sonic/Smart_trap_sonic/Trap_PTX.c **** 
  70:/Users/Roger/Library/Mobile Documents/com~apple~CloudDocs/Firmwares/XAVR/smart_trap_ultrasonic/Smart_trap_sonic/Smart_trap_sonic/Trap_PTX.c **** 
  71:/Users/Roger/Library/Mobile Documents/com~apple~CloudDocs/Firmwares/XAVR/smart_trap_ultrasonic/Smart_trap_sonic/Smart_trap_sonic/Trap_PTX.c **** 
  72:/Users/Roger/Library/Mobile Documents/com~apple~CloudDocs/Firmwares/XAVR/smart_trap_ultrasonic/Smart_trap_sonic/Smart_trap_sonic/Trap_PTX.c **** void camera_done(void){
 270               	.LM24:
 271               	.LFBB5:
 272               	/* prologue: function */
 273               	/* frame size = 0 */
 274               	/* stack size = 0 */
 275               	.L__stack_usage = 0
  73:/Users/Roger/Library/Mobile Documents/com~apple~CloudDocs/Firmwares/XAVR/smart_trap_ultrasonic/Smart_trap_sonic/Smart_trap_sonic/Trap_PTX.c **** PORTB |= 0x02;	//stop pulling shutter release
 277               	.LM25:
 278 007e 299A      		sbi 0x5,1
  74:/Users/Roger/Library/Mobile Documents/com~apple~CloudDocs/Firmwares/XAVR/smart_trap_ultrasonic/Smart_trap_sonic/Smart_trap_sonic/Trap_PTX.c **** set_camera_delay(0);	//sending zero here will stop callbacks(push them back until the end of time)
 280               	.LM26:
 281 0080 60E0      		ldi r22,0
 282 0082 70E0      		ldi r23,0
 283 0084 CB01      		movw r24,r22
 284 0086 0E94 0000 		call set_camera_delay
  75:/Users/Roger/Library/Mobile Documents/com~apple~CloudDocs/Firmwares/XAVR/smart_trap_ultrasonic/Smart_trap_sonic/Smart_trap_sonic/Trap_PTX.c **** camera_busy = 0;	
 286               	.LM27:
 287 008a 1092 0000 		sts camera_busy,__zero_reg__
 288 008e 0895      		ret
 290               	.Lscope5:
 291               		.local	camera_busy
 292               		.comm	camera_busy,1,1
 293               		.local	trap_busy
 294               		.comm	trap_busy,1,1
 295               		.comm	datain,2,1
 296               		.comm	state_runner,2,1
 302               	.Letext0:
 303               		.ident	"GCC: (GNU) 4.9.3"
 304               	.global __do_clear_bss
DEFINED SYMBOLS
                            *ABS*:0000000000000000 Trap_PTX.c
/var/folders/5n/sn67s4dx5cj3x2ns4qywc93r0000gn/T//ccICP33I.s:2      *ABS*:000000000000003e __SP_H__
/var/folders/5n/sn67s4dx5cj3x2ns4qywc93r0000gn/T//ccICP33I.s:3      *ABS*:000000000000003d __SP_L__
/var/folders/5n/sn67s4dx5cj3x2ns4qywc93r0000gn/T//ccICP33I.s:4      *ABS*:000000000000003f __SREG__
/var/folders/5n/sn67s4dx5cj3x2ns4qywc93r0000gn/T//ccICP33I.s:5      *ABS*:0000000000000000 __tmp_reg__
/var/folders/5n/sn67s4dx5cj3x2ns4qywc93r0000gn/T//ccICP33I.s:6      *ABS*:0000000000000001 __zero_reg__
/var/folders/5n/sn67s4dx5cj3x2ns4qywc93r0000gn/T//ccICP33I.s:123    .text:0000000000000000 fill_TX_bitfield
/var/folders/5n/sn67s4dx5cj3x2ns4qywc93r0000gn/T//ccICP33I.s:166    .text:0000000000000028 take_picture
                             .bss:0000000000000000 camera_busy
/var/folders/5n/sn67s4dx5cj3x2ns4qywc93r0000gn/T//ccICP33I.s:193    .text:000000000000003c read_PRX
                            *COM*:0000000000000002 datain
/var/folders/5n/sn67s4dx5cj3x2ns4qywc93r0000gn/T//ccICP33I.s:292    .bss:0000000000000001 trap_busy
/var/folders/5n/sn67s4dx5cj3x2ns4qywc93r0000gn/T//ccICP33I.s:251    .text:0000000000000078 clear_trap_busy
/var/folders/5n/sn67s4dx5cj3x2ns4qywc93r0000gn/T//ccICP33I.s:268    .text:000000000000007e camera_done
                            *COM*:0000000000000002 state_runner

UNDEFINED SYMBOLS
readADC
start_ADC_conv
chk_trap_status
set_camera_delay
get_RX_Data
set_trap
__do_clear_bss
